8 {'qoco': 211.3, 'clarabel': 614.1, 'osqp': 380.3, 'osqp_1e-3': 128.7, 'qocogen': 225.0, 'scaly_sparse': 126.0, 'piqp_sparse': 163.0}
20 {'qoco': 504.1, 'clarabel': 1418.6, 'osqp': 1008.5, 'osqp_1e-3': 343.2, 'qocogen': 487.0, 'scaly_sparse': 329.0, 'piqp_sparse': 438.0}
32 {'qoco': 814.4, 'clarabel': 2293.8, 'osqp': 1626.5, 'osqp_1e-3': 552.8, 'qocogen': 756.0, 'scaly_sparse': 537.0, 'piqp_sparse': 711.0}
44 {'qoco': 1121.3, 'clarabel': 3099.3, 'osqp': 1533.2, 'osqp_1e-3': 1501.3, 'qocogen': 1015.0, 'scaly_sparse': 710.0, 'piqp_sparse': 901.0}
56 {'qoco': 1692.5, 'clarabel': 4526.2, 'osqp': 2960.9, 'osqp_1e-3': 1957.6, 'qocogen': 1627.0, 'scaly_sparse': 984.0, 'piqp_sparse': 1226.0}
76 {'qoco': 1979.5, 'clarabel': 5328.8, 'osqp': 2636.5, 'osqp_1e-3': 2618.5, 'scaly_sparse': 1344.0, 'piqp_sparse': 1711.0}
96 {'qoco': 2488.3, 'clarabel': 6502.6, 'osqp': 6662.2, 'osqp_1e-3': 3328.0, 'scaly_sparse': 1713.0, 'piqp_sparse': 2126.0}
116 {'qoco': 2957.8, 'clarabel': 7795.7, 'osqp': 7853.3, 'osqp_1e-3': 3919.6, 'scaly_sparse': 2070.0, 'piqp_sparse': 2579.0}
136 {'qoco': 3510.9, 'clarabel': 9161.7, 'osqp': 9204.8, 'osqp_1e-3': 4588.5, 'scaly_sparse': 2430.0, 'piqp_sparse': 3057.0}
156 {'qoco': 4689.0, 'clarabel': 12054.3, 'osqp': 8092.9, 'osqp_1e-3': 2789.2, 'scaly_sparse': 2873.0, 'piqp_sparse': 3542.0}
200 {'qoco': 5754.8, 'clarabel': 13370.8, 'osqp': 6825.2, 'osqp_1e-3': 6784.6, 'scaly_sparse': 3636.0, 'piqp_sparse': 4622.0}
| Horizon | Variables | QOCOGEN, µs | Scaly PIQP (generated), µs | PIQP library, µs | QOCO, µs | Clarabel, µs | OSQP 1e-7, µs | OSQP 1e-3, µs |
| ---: | ---: | ---: | ---: | ---: | ---: | ---: | ---: | ---: |
| 8 | 104 | 225.0 | 126.0 | 163.0 | 211.3 | 614.1 | 380.3 | 128.7 |
| 20 | 248 | 487.0 | 329.0 | 438.0 | 504.1 | 1418.6 | 1008.5 | 343.2 |
| 32 | 392 | 756.0 | 537.0 | 711.0 | 814.4 | 2293.8 | 1626.5 | 552.8 |
| 44 | 536 | 1015.0 | 710.0 | 901.0 | 1121.3 | 3099.3 | 1533.2 | 1501.3 |
| 56 | 680 | 1627.0 | 984.0 | 1226.0 | 1692.5 | 4526.2 | 2960.9 | 1957.6 |
| 76 | 920 | – | 1344.0 | 1711.0 | 1979.5 | 5328.8 | 2636.5 | 2618.5 |
| 96 | 1160 | – | 1713.0 | 2126.0 | 2488.3 | 6502.6 | 6662.2 | 3328.0 |
| 116 | 1400 | – | 2070.0 | 2579.0 | 2957.8 | 7795.7 | 7853.3 | 3919.6 |
| 136 | 1640 | – | 2430.0 | 3057.0 | 3510.9 | 9161.7 | 9204.8 | 4588.5 |
| 156 | 1880 | – | 2873.0 | 3542.0 | 4689.0 | 12054.3 | 8092.9 | 2789.2 |
| 200 | 2408 | – | 3636.0 | 4622.0 | 5754.8 | 13370.8 | 6825.2 | 6784.6 |
