2d:casadi:fatrop:vm {'iterations': 13, 'wall_min': 0.024608958046883345, 'fe_at_min': 0.021406171999999998, 't_setup': None, 't_build': 0.32447020895779133, 'compile_wall': 0, 'failed': None}
2d:casadi:ipopt:vm {'iterations': 14, 'wall_min': 0.04209412494674325, 'fe_at_min': 0.023030000000000002, 't_setup': None, 't_build': 0.3222935840021819, 'compile_wall': 0, 'failed': None}
2d:casadi:fatrop:jit {'iterations': 13, 'wall_min': 0.006971374852582812, 'fe_at_min': 0.003899245, 't_setup': None, 't_build': 74.60792799992487, 'compile_wall': 72.72574806213379, 'failed': None}
2d:casadi:ipopt:jit {'iterations': 14, 'wall_min': 0.022030249936506152, 'fe_at_min': 0.0029124619999999998, 't_setup': None, 't_build': 53.062173708109185, 'compile_wall': 51.39256000518799, 'failed': None}
2d:scaly:fatrop:scaly {'iterations': 13, 'wall_min': 0.004966000095009804, 'fe_at_min': 0.0026289988309144974, 't_setup': 3.1218592920340598, 't_build': None, 'compile_wall': 1.4410810470581055, 'failed': None}
2d:scaly:ipopt:scaly {'iterations': 14, 'wall_min': 0.024269500048831105, 'fe_at_min': 0.0055509596131742, 't_setup': 5.7515733749605715, 't_build': None, 'compile_wall': 3.3348541259765625, 'failed': None}
2d:scaly:sqp:scaly {'iterations': 4, 'wall_min': 0.022981249960139394, 'fe_at_min': 0.0016744188033044338, 't_setup': 6.158723750151694, 't_build': None, 'compile_wall': 3.475477933883667, 'failed': None}
3d:casadi:fatrop:vm {'iterations': 14, 'wall_min': 0.05128391599282622, 'fe_at_min': 0.043613124, 't_setup': None, 't_build': 0.6857537920586765, 'compile_wall': 0, 'failed': None}
3d:casadi:ipopt:vm {'iterations': 14, 'wall_min': 0.09002904081717134, 'fe_at_min': 0.045088426, 't_setup': None, 't_build': 0.6565210418775678, 'compile_wall': 0, 'failed': None}
3d:casadi:fatrop:jit {'iterations': 14, 'wall_min': 0.01623033289797604, 'fe_at_min': 0.008594709, 't_setup': None, 't_build': 269.84334983304143, 'compile_wall': 266.97475695610046, 'failed': None}
3d:casadi:ipopt:jit {'iterations': 14, 'wall_min': 0.056358583038672805, 'fe_at_min': 0.01008717, 't_setup': None, 't_build': 183.607544708997, 'compile_wall': 180.8897716999054, 'failed': None}
waiting for the load average (6.1) to drop below 6.0
3d:scaly:fatrop:scaly {'iterations': 14, 'wall_min': 0.01591499987989664, 'fe_at_min': 0.009807997848838568, 't_setup': 4.1168370000086725, 't_build': None, 'compile_wall': 1.9887502193450928, 'failed': None}
waiting for the load average (6.7) to drop below 6.0
waiting for the load average (6.0) to drop below 6.0
3d:scaly:ipopt:scaly {'iterations': 14, 'wall_min': 0.061596459010615945, 'fe_at_min': 0.016895292093977332, 't_setup': 14.08059912500903, 't_build': None, 'compile_wall': 9.726439714431763, 'failed': None}
waiting for the load average (6.6) to drop below 6.0
3d:scaly:sqp:scaly {'iterations': 4, 'wall_min': 0.06258999998681247, 'fe_at_min': 0.006649835966527462, 't_setup': 13.4321334999986, 't_build': None, 'compile_wall': 9.637524127960205, 'failed': None}
| Chain | Solver | Oracles | Iterations | Solve, ms | Function evaluation, ms | Rest, ms | Setup, s | Compile, s | Peak compiler memory, GB | Agreement |
| --- | --- | --- | ---: | ---: | ---: | ---: | ---: | ---: | ---: | ---: |
| 2D | Fatrop 1.1.8 | CasADi VM | 13 | 24.61 | 21.41 | 3.20 | 1.1 | 0.0 | 0.00 | 3e-08 |
| 2D | IPOPT 3.14.11 (CasADi's) | CasADi VM | 14 | 42.09 | 23.03 | 19.06 | 1.1 | 0.0 | 0.00 | 0e+00 |
| 2D | Fatrop 1.1.8 | CasADi C (JIT) | 13 | 6.97 | 3.90 | 3.07 | 75.4 | 72.7 | 2.91 | 3e-08 |
| 2D | IPOPT 3.14.11 (CasADi's) | CasADi C (JIT) | 14 | 22.03 | 2.91 | 19.12 | 53.8 | 51.4 | 2.55 | 0e+00 |
| 2D | Fatrop 1.1.8 | Scaly C | 13 | 4.97 | 2.63 | 2.34 | 3.1 | 1.4 | 0.12 | 3e-08 |
| 2D | IPOPT 3.14.19 (Scaly's) | Scaly C | 14 | 24.27 | 5.55 | 18.72 | 5.8 | 3.3 | 0.18 | 4e-15 |
| 2D | Scaly SQP + PIQP | Scaly C | 4 | 22.98 | 1.67 | 21.31 | 6.2 | 3.5 | 0.23 | 2e-06 |
| 3D | Fatrop 1.1.8 | CasADi VM | 14 | 51.28 | 43.61 | 7.67 | 1.8 | 0.0 | 0.00 | 3e-07 |
| 3D | IPOPT 3.14.11 (CasADi's) | CasADi VM | 14 | 90.03 | 45.09 | 44.94 | 1.8 | 0.0 | 0.00 | 0e+00 |
| 3D | Fatrop 1.1.8 | CasADi C (JIT) | 14 | 16.23 | 8.59 | 7.64 | 271.0 | 267.0 | 5.27 | 3e-07 |
| 3D | IPOPT 3.14.11 (CasADi's) | CasADi C (JIT) | 14 | 56.36 | 10.09 | 46.27 | 184.8 | 180.9 | 4.70 | 0e+00 |
| 3D | Fatrop 1.1.8 | Scaly C | 14 | 15.91 | 9.81 | 6.11 | 4.1 | 2.0 | 0.10 | 3e-07 |
| 3D | IPOPT 3.14.19 (Scaly's) | Scaly C | 14 | 61.60 | 16.90 | 44.70 | 14.1 | 9.7 | 0.38 | 7e-15 |
| 3D | Scaly SQP + PIQP | Scaly C | 4 | 62.59 | 6.65 | 55.94 | 13.4 | 9.6 | 0.43 | 2e-05 |
