scaly 3 {'t_build': 1.4204957911279052, 'compile_wall': 2.885831667110324, 'compile_peak_rss_bytes': 144031744, 'hess_best': 0.000182, 'jac_best': 0.000164, 'hess_err': 1.6408330820731817e-16, 'jac_err': 1.456199864457387e-15}
scaly_stage 3 {'t_build': 0.7651852499693632, 'compile_wall': 1.0534660839475691, 'compile_peak_rss_bytes': 96288768, 'hess_best': 0.00013800000000000002, 'jac_best': 4.9000000000000005e-05, 'hess_err': 1.6851799221292135e-16}
casadi_sx 3 {'t_build': 3.8221418750472367, 'compile_wall': 69.95412745792419, 'compile_peak_rss_bytes': 1727758336, 'hess_best': 0.00018500000000000002, 'jac_best': 5.9000000000000004e-05, 'hess_err': 8.869368011206387e-18, 'jac_err': 0.0}
waiting for the load average (14.3) to drop below 6.0
waiting for the load average (13.4) to drop below 10.0
casadi_mx 3 {'t_build': 2.29966929089278, 'compile_wall': 113.73680895799771, 'compile_peak_rss_bytes': 1682882560, 'hess_best': 0.000822, 'jac_best': 0.000306, 'hess_err': 5.612646944591542e-17, 'jac_err': 2.4269997740956453e-16}
casadi_map 3 {'t_build': 0.3888856670819223, 'compile_wall': 5.58914062497206, 'compile_peak_rss_bytes': 405536768, 'hess_best': 0.000404, 'jac_best': 0.000239, 'hess_err': 1.6408330820731817e-16, 'jac_err': 1.5775498531621692e-15}
scaly 4 {'t_build': 1.5098512498661876, 'compile_wall': 3.7723107079509646, 'compile_peak_rss_bytes': 176963584, 'hess_best': 0.000264, 'jac_best': 0.000293, 'hess_err': 1.1518393952796227e-15, 'jac_err': 1.4563679959778544e-15}
scaly_stage 4 {'t_build': 0.9161559590138495, 'compile_wall': 1.2598570419941097, 'compile_peak_rss_bytes': 143785984, 'hess_best': 0.000219, 'jac_best': 6.7e-05, 'hess_err': 1.2227218196045227e-15}
casadi_sx 4 {'t_build': 4.659605040913448, 'compile_wall': 61.50393870915286, 'compile_peak_rss_bytes': 2086141952, 'hess_best': 0.00019700000000000002, 'jac_best': 7.000000000000001e-05, 'hess_err': 1.0632363648734979e-16, 'jac_err': 0.0}
casadi_mx 4 {'t_build': 2.839475499931723, 'compile_wall': 165.6032759998925, 'compile_peak_rss_bytes': 2572566528, 'hess_best': 0.001106, 'jac_best': 0.00046800000000000005, 'hess_err': 1.0632363648734979e-16, 'jac_err': 2.427279993296424e-16}
casadi_map 4 {'t_build': 0.4862540001049638, 'compile_wall': 6.875674542039633, 'compile_peak_rss_bytes': 480116736, 'hess_best': 0.000523, 'jac_best': 0.000317, 'hess_err': 1.2050012135232976e-15, 'jac_err': 1.5777319956426756e-15}
scaly 5 {'t_build': 1.8185491249896586, 'compile_wall': 4.924177333014086, 'compile_peak_rss_bytes': 225755136, 'hess_best': 0.000346, 'jac_best': 0.00040800000000000005, 'hess_err': 1.6285883850503084e-15, 'jac_err': 1.4572107846263305e-15}
scaly_stage 5 {'t_build': 0.9687359160743654, 'compile_wall': 1.2875240410212427, 'compile_peak_rss_bytes': 87818240, 'hess_best': 0.000369, 'jac_best': 8.800000000000001e-05, 'hess_err': 1.6285883850503084e-15}
casadi_sx 5 {'t_build': 5.833395333960652, 'compile_wall': 94.09357508411631, 'compile_peak_rss_bytes': 2605645824, 'hess_best': 0.00022700000000000002, 'jac_best': 8.400000000000001e-05, 'hess_err': 2.4255571692238636e-16, 'jac_err': 0.0}
casadi_mx 5 {'t_build': 3.824787624878809, 'compile_wall': 180.0, 'reason': 'compile exceeded 180 s'}
casadi_map 5 {'t_build': 0.7112210418563336, 'compile_wall': 9.707408332964405, 'compile_peak_rss_bytes': 615366656, 'hess_best': 0.000817, 'jac_best': 0.00045700000000000005, 'hess_err': 3.2225259533974187e-15, 'jac_err': 1.5786450166785247e-15}
scaly 6 {'t_build': 2.1681940420530736, 'compile_wall': 8.48232595808804, 'compile_peak_rss_bytes': 251494400, 'hess_best': 0.00046800000000000005, 'jac_best': 0.000539, 'hess_err': 8.292808439601587e-15, 'jac_err': 2.3068768173102812e-15}
scaly_stage 6 {'t_build': 1.1343873331788927, 'compile_wall': 1.6102520839776844, 'compile_peak_rss_bytes': 98009088, 'hess_best': 0.000514, 'jac_best': 0.000135, 'hess_err': 8.283470928442942e-15}
casadi_sx 6 {'t_build': 7.448464791057631, 'compile_wall': 132.3353340830654, 'compile_peak_rss_bytes': 3254403072, 'hess_best': 0.00026700000000000004, 'jac_best': 0.00010300000000000001, 'hess_err': 1.4061193274195299e-16, 'jac_err': 0.0}
casadi_map 6 {'t_build': 0.8477195408195257, 'compile_wall': 11.2191123329103, 'compile_peak_rss_bytes': 618643456, 'hess_best': 0.000964, 'jac_best': 0.000541, 'hess_err': 8.281273866993848e-15, 'jac_err': 2.4282913866424013e-15}
scaly 8 {'t_build': 2.766383833019063, 'compile_wall': 10.427581041119993, 'compile_peak_rss_bytes': 372490240, 'hess_best': 0.0006770000000000001, 'jac_best': 0.0007710000000000001, 'hess_err': 7.420331263536062e-16, 'jac_err': 1.3360711899983302e-15}
scaly_stage 8 {'t_build': 1.1340210000053048, 'compile_wall': 2.066145667107776, 'compile_peak_rss_bytes': 123322368, 'hess_best': 0.0008990000000000001, 'jac_best': 0.00021700000000000002, 'hess_err': 7.586458082868959e-16}
casadi_sx 8 {'t_build': 10.531749041983858, 'compile_wall': 180.0, 'reason': 'compile exceeded 180 s'}
casadi_map 8 {'t_build': 1.3710618747863919, 'compile_wall': 18.751948917051777, 'compile_peak_rss_bytes': 920322048, 'hess_best': 0.0014780000000000001, 'jac_best': 0.0008110000000000001, 'hess_err': 8.771496060776958e-16, 'jac_err': 1.4575322072709056e-15}
scaly 10 {'t_build': 3.1160001249518245, 'compile_wall': 9.710935541894287, 'compile_peak_rss_bytes': 464306176, 'hess_best': 0.0008640000000000001, 'jac_best': 0.001239, 'hess_err': 2.315507679974513e-14, 'jac_err': 1.9420720531038995e-15}
scaly_stage 10 {'t_build': 1.4319239158648998, 'compile_wall': 2.5927594578824937, 'compile_peak_rss_bytes': 148258816, 'hess_best': 0.0013490000000000002, 'jac_best': 0.000368, 'hess_err': 2.3225243699138296e-14}
casadi_map 10 {'t_build': 1.8837938331998885, 'compile_wall': 30.352090749889612, 'compile_peak_rss_bytes': 1118617600, 'hess_best': 0.0022760000000000002, 'jac_best': 0.001172, 'hess_err': 2.3084909900351962e-14, 'jac_err': 2.063451556422893e-15}
scaly 12 {'t_build': 3.518335749860853, 'compile_wall': 11.078856583917513, 'compile_peak_rss_bytes': 551682048, 'hess_best': 0.0010190000000000002, 'jac_best': 0.001564, 'hess_err': 9.584125653766135e-16, 'jac_err': 1.337383967337233e-15}
scaly_stage 12 {'t_build': 1.2215173330623657, 'compile_wall': 5.253861207980663, 'compile_peak_rss_bytes': 232357888, 'hess_best': 0.0019190000000000001, 'jac_best': 0.000528, 'hess_err': 9.104919371077827e-16}
casadi_map 12 {'t_build': 2.6315417501609772, 'compile_wall': 40.11511195800267, 'compile_peak_rss_bytes': 1372127232, 'hess_best': 0.0029820000000000003, 'jac_best': 0.001449, 'hess_err': 9.104919371077827e-16, 'jac_err': 1.4589643280042542e-15}
scaly 15 {'t_build': 4.037250749999657, 'compile_wall': 12.298162417020649, 'compile_peak_rss_bytes': 793755648, 'hess_best': 0.0012690000000000002, 'jac_best': 0.0020210000000000002, 'hess_err': 5.0637695064354324e-14, 'jac_err': 4.754027992147534e-15}
scaly_stage 15 {'t_build': 1.4988160419743508, 'compile_wall': 5.521170125110075, 'compile_peak_rss_bytes': 348176384, 'hess_best': 0.0031390000000000003, 'jac_best': 0.0008, 'hess_err': 5.06698459818555e-14}
casadi_map 15 {'t_build': 3.0420429590158165, 'compile_wall': 58.07393862493336, 'compile_peak_rss_bytes': 1591853056, 'hess_best': 0.004019, 'jac_best': 0.001783, 'hess_err': 3.4272878056255054e-14, 'jac_err': 3.1971977391279742e-15}
