naive:0x0 {'hz_mean': 7047.170783044263, 'mean': 0.00014190091751515866, 't_lin_median': 9.208e-06, 't_setup': 1.447068041888997, 'failed': None}
naive:2x16 {'hz_mean': 6973.539989391696, 'mean': 0.00014339919202029704, 't_lin_median': 2.7332999999999997e-05, 't_setup': 1.6221531669143587, 'failed': None}
rtn:2x16 {'hz_mean': 3552.818358524207, 'mean': 0.0002814666833728552, 't_lin_median': 6.582000000000001e-06, 't_setup': 1.6713252919726074, 'failed': None}
dropin:2x16 {'hz_mean': 5265.6520166325745, 'mean': 0.0001899100048467517, 't_lin_median': 4.277050000000001e-05, 't_setup': 1.888116915943101, 'failed': None}
taylor:2x16 {'hz_mean': 6187.894812306106, 'mean': 0.00016160584986209869, 't_lin_median': 5.4785e-06, 't_setup': 2.427738416939974, 'failed': None}
naive:2x128 {'hz_mean': 513.4689399149421, 'mean': 0.0019475374696776271, 't_lin_median': 0.0018605829999999999, 't_setup': 1.6951346669811755, 'failed': None}
rtn:2x128 {'hz_mean': 3288.6354444889957, 'mean': 0.0003040774865075946, 't_lin_median': 6.5000000000000004e-06, 't_setup': 1.7590135000646114, 'failed': None}
dropin:2x128 {'hz_mean': 1148.422130311625, 'mean': 0.0008707599528133869, 't_lin_median': 0.0007484575000000001, 't_setup': 3.9679502500221133, 'failed': None}
taylor:2x128 {'hz_mean': 2811.9373969322164, 'mean': 0.0003556266939267516, 't_lin_median': 9.1245e-06, 't_setup': 2.1535799999255687, 'failed': None}
naive:5x16 {'hz_mean': 4581.95385174562, 'mean': 0.0002182475058361888, 't_lin_median': 8.08115e-05, 't_setup': 1.8730442919768393, 'failed': None}
rtn:5x16 {'hz_mean': 3047.8438026275976, 'mean': 0.0003281008033081889, 't_lin_median': 6.3745e-06, 't_setup': 1.6471439588349313, 'failed': None}
dropin:5x16 {'hz_mean': 7283.278580862628, 'mean': 0.0001373008033260703, 't_lin_median': 5.5666000000000005e-05, 't_setup': 2.415189249906689, 'failed': None}
taylor:5x16 {'hz_mean': 4735.10892928174, 'mean': 0.0002111883834004402, 't_lin_median': 1.03325e-05, 't_setup': 2.438552000094205, 'failed': None}
naive:5x128 {'hz_mean': 133.86467180859447, 'mean': 0.007470230842009187, 't_lin_median': 0.0073548120000000005, 't_setup': 2.100612875074148, 'failed': None}
rtn:5x128 {'hz_mean': 2811.529934433314, 'mean': 0.0003556782333180308, 't_lin_median': 6.0615e-06, 't_setup': 1.709347999887541, 'failed': None}
dropin:2x16 {'hz_mean': 10273.883231153464, 'mean': 9.733418002724647e-05, 't_lin_median': 1.3999000000000001e-05, 't_setup': 1.765511624980718, 'failed': None}
dropin:2x128 {'hz_mean': 2249.3349281335422, 'mean': 0.0004445758555084467, 't_lin_median': 0.000358812, 't_setup': 1.8777691670693457, 'failed': None}
dropin:5x16 {'hz_mean': 9363.73450987791, 'mean': 0.00010679499711841345, 't_lin_median': 2.7082999999999998e-05, 't_setup': 1.950109832920134, 'failed': None}
dropin:5x128 {'hz_mean': 693.9051476689544, 'mean': 0.0014411191549152135, 't_lin_median': 0.0013279165, 't_setup': 2.458470582962036, 'failed': None}
taylor:5x128 {'hz_mean': 2103.329709408219, 'mean': 0.00047543663531541825, 't_lin_median': 5.6660000000000005e-06, 't_setup': 2.336260500131175, 'failed': None}
naive:12x32 {'hz_mean': 1200.8105988986, 'mean': 0.0008327707974240183, 't_lin_median': 0.0007448330000000001, 't_setup': 2.363164250040427, 'failed': None}
rtn:12x32 {'hz_mean': 2397.8469214035063, 'mean': 0.0004170408006757498, 't_lin_median': 5.3535000000000005e-06, 't_setup': 1.72440579184331, 'failed': None}
dropin:12x32 {'hz_mean': 1677.6059631452124, 'mean': 0.0005960875330492854, 't_lin_median': 0.000213666, 't_setup': 2.2792550418525934, 'failed': None}
taylor:12x32 {'hz_mean': 5021.5527339189775, 'mean': 0.00019914159085601568, 't_lin_median': 6.5000000000000004e-06, 't_setup': 2.4284670408815145, 'failed': None}
naive:12x512 {'hz_mean': 1.917172404093871, 'mean': 0.5216014990955591, 't_lin_median': 0.5185648535, 't_setup': 18.1782480829861, 'failed': None}
rtn:12x512 {'hz_mean': 945.4565789871369, 'mean': 0.0010576900327578186, 't_lin_median': 5.957e-06, 't_setup': 1.717719207983464, 'failed': None}
dropin:12x512 {'hz_mean': 9.247344817148603, 'mean': 0.108139149104245, 't_lin_median': 0.1064979575, 't_setup': 29.10047150007449, 'failed': None}
taylor:12x512 {'hz_mean': 36.49943856000132, 'mean': 0.0273976817028597, 't_lin_median': 9.083000000000001e-06, 't_setup': 10.488922416931018, 'failed': None}
naive0:2x128 {'hz_mean': 11914.561419296664, 'mean': 8.393091149628163e-05, 't_lin_median': 5.124e-06, 't_setup': 1.6124597089365125, 'failed': None}
naive0:5x128 {'hz_mean': 11984.315567317544, 'mean': 8.344239555299282e-05, 't_lin_median': 5.3740000000000006e-06, 't_setup': 1.6319384998641908, 'failed': None}
| Network | Parameters | Paper naive, Hz | Paper RTN, Hz | Naive (CasADi), Hz | RTN (PyTorch), Hz | Scaly in acados, Hz | Scaly Taylor, Hz | Linearization naive / Scaly, µs |
| --- | ---: | ---: | ---: | ---: | ---: | ---: | ---: | ---: |
| none | 0 | 4262 | 4262 | 7047 | – | – | – | 9 / – |
| 2 x 16 | 354 | 2228 | 1096 | 6974 | 3553 | 10274 | 6188 | 27 / 14 |
| 2 x 128 | 17,154 | 116 | 1071 | 513 | 3289 | 2249 | 2812 | 1861 / 359 |
| 5 x 16 | 1,170 | 1139 | 885 | 4582 | 3048 | 9364 | 4735 | 81 / 27 |
| 5 x 128 | 66,690 | 31 | 784 | 134 | 2812 | 694 | 2103 | 7355 / 1328 |
| 12 x 32 | 11,778 | 168 | 588 | 1201 | 2398 | 1678 | 5022 | 745 / 214 |
| 12 x 512 | 2,891,778 | 11 | 507 | 2 | 945 | 9 | 36 | 518565 / 106498 |
{
 "rtn:2x16": 7.462227249316333e-09,
 "dropin:2x16": 4.675149156696534e-13,
 "taylor:2x16": 7.46342895124874e-09,
 "rtn:2x128": 6.307852405684766e-08,
 "dropin:2x128": 4.4997339188057595e-13,
 "taylor:2x128": 6.307982909278809e-08,
 "rtn:5x16": 3.778897268019721e-09,
 "dropin:5x16": 2.7623042742064285e-13,
 "taylor:5x16": 3.777602206739283e-09,
 "rtn:5x128": 2.5287948124397275e-10,
 "dropin:5x128": 4.970468481246826e-13,
 "taylor:5x128": 2.5707648509953884e-10,
 "rtn:12x32": 3.3233682472655346e-10,
 "dropin:12x32": 1.833297402775713e-12,
 "taylor:12x32": 3.337346683729425e-10,
 "rtn:12x512": 2.516665313645472e-10,
 "dropin:12x512": 1.7752466163756253e-13,
 "taylor:12x512": 2.512199302751039e-10
}
