problem 1 mpcpytorch threads=default forward    764.8 ms  gradient   1651.7 ms
problem 1 diffmpc    threads=default forward    524.9 ms  gradient   1058.2 ms
problem 1 trajax     threads=default forward    641.1 ms  gradient   1293.6 ms
problem 2 mpcpytorch threads=default forward    353.4 ms  gradient    776.8 ms
problem 2 diffmpc    threads=default forward     90.2 ms  gradient    178.2 ms
problem 2 trajax     threads=default forward    129.3 ms  gradient    250.2 ms
problem 3 mpcpytorch threads=default forward    585.1 ms  gradient   1268.5 ms
problem 3 diffmpc    threads=default forward    342.8 ms  gradient    690.7 ms
problem 3 trajax     threads=default forward    479.1 ms  gradient    951.4 ms
problem 4 mpcpytorch threads=default forward   1939.2 ms  gradient   4268.1 ms
waiting for the load average (6.2) to drop below 6.0
problem 4 diffmpc    threads=default forward   1158.4 ms  gradient   2371.2 ms
problem 4 trajax     threads=default forward   1948.2 ms  gradient   3989.2 ms
problem 5 mpcpytorch threads=default forward    579.3 ms  gradient   1263.3 ms
problem 5 diffmpc    threads=default forward    355.3 ms  gradient    710.0 ms
waiting for the load average (6.1) to drop below 6.0
problem 5 trajax     threads=default forward    285.1 ms  gradient    575.9 ms
problem 6 mpcpytorch threads=default forward   1414.6 ms  gradient   3327.3 ms
waiting for the load average (7.1) to drop below 6.0
problem 6 diffmpc    threads=default forward   1487.1 ms  gradient   3001.3 ms
problem 6 trajax     threads=default forward   1171.0 ms  gradient   2352.9 ms
