problem 1 mpcpytorch threads=1       forward    612.3 ms  gradient   1340.8 ms
problem 1 diffmpc    threads=1       forward    518.4 ms  gradient   1055.7 ms
problem 1 trajax     threads=1       forward    444.0 ms  gradient    883.7 ms
problem 1 per_solve_implicit   forward    38.66 ms  gradient    161.4 ms  first 2.6 s
problem 1 per_solve_ad         forward    38.27 ms  gradient    227.0 ms  first 3.2 s
problem 1 hoisted_implicit     forward     0.19 ms  gradient     84.5 ms  first 3.1 s
problem 2 per_solve_implicit   forward     7.22 ms  gradient     30.1 ms  first 2.0 s
problem 2 per_solve_ad         forward     7.25 ms  gradient     42.4 ms  first 2.6 s
problem 2 hoisted_implicit     forward     0.06 ms  gradient     15.8 ms  first 2.2 s
problem 3 per_solve_implicit   forward    29.25 ms  gradient    120.6 ms  first 2.5 s
problem 3 per_solve_ad         forward    28.88 ms  gradient    169.2 ms  first 3.2 s
problem 3 hoisted_implicit     forward     0.16 ms  gradient     63.2 ms  first 3.1 s
problem 4 per_solve_implicit   forward   117.79 ms  gradient    483.2 ms  first 5.9 s
problem 4 per_solve_ad         forward   114.39 ms  gradient    676.6 ms  first 6.7 s
problem 4 hoisted_implicit     forward     0.53 ms  gradient    251.7 ms  first 2.2 s
problem 5 per_solve_implicit   forward    60.98 ms  gradient    234.9 ms  first 4.6 s
problem 5 per_solve_ad         forward    61.17 ms  gradient    313.1 ms  first 5.4 s
problem 5 hoisted_implicit     forward     0.17 ms  gradient    121.8 ms  first 5.4 s
problem 6 per_solve_implicit   forward   245.30 ms  gradient    936.5 ms  first 6.3 s
problem 6 per_solve_ad         forward   245.77 ms  gradient   1246.2 ms  first 7.3 s
problem 6 hoisted_implicit     forward     0.47 ms  gradient    528.3 ms  first 4.8 s
| Problem | nx, nu, T, batch | Implementation | Forward, ms | Backward, ms | Scaly faster: forward | backward | Gradient vs Scaly's full | vs truncated |
|---|---|---|---|---|---|---|---|---|
| 1 | 8, 4, 40, 64 | mpc.pytorch | 612.3 | 1340.8 | 15.8x | 8.3x | 6e-12 | 1e+00 |
| 1 | 8, 4, 40, 64 | DiffMPC | 518.4 | 1055.7 | 13.4x | 6.5x | 2e+02 | 2e-05 |
| 1 | 8, 4, 40, 64 | trajax | 444.0 | 883.7 | 11.5x | 5.5x | 2e+02 | 5e-14 |
| 1 | 8, 4, 40, 64 | Scaly | 38.66 | 161.4 | | | | |
| 1 | 8, 4, 40, 64 | Scaly, AD through Riccati | 38.27 | 227.0 | | | | |
| 1 | 8, 4, 40, 64 | Scaly, Riccati hoisted | 0.19 | 84.5 | | | | |
| 2 | 8, 4, 30, 16 | mpc.pytorch | 266.8 | 598.0 | 37.0x | 19.9x | 2e-12 | 1e+00 |
| 2 | 8, 4, 30, 16 | DiffMPC | 91.0 | 180.9 | 12.6x | 6.0x | 1e+02 | 4e-05 |
| 2 | 8, 4, 30, 16 | trajax | 87.1 | 170.2 | 12.1x | 5.6x | 1e+02 | 1e-13 |
| 2 | 8, 4, 30, 16 | Scaly | 7.22 | 30.1 | | | | |
| 2 | 8, 4, 30, 16 | Scaly, AD through Riccati | 7.25 | 42.4 | | | | |
| 2 | 8, 4, 30, 16 | Scaly, Riccati hoisted | 0.06 | 15.8 | | | | |
| 3 | 8, 4, 30, 64 | mpc.pytorch | 461.2 | 1018.5 | 15.8x | 8.4x | 2e-12 | 1e+00 |
| 3 | 8, 4, 30, 64 | DiffMPC | 338.3 | 681.4 | 11.6x | 5.7x | 1e+02 | 3e-05 |
| 3 | 8, 4, 30, 64 | trajax | 328.6 | 664.9 | 11.2x | 5.5x | 1e+02 | 1e-13 |
| 3 | 8, 4, 30, 64 | Scaly | 29.25 | 120.6 | | | | |
| 3 | 8, 4, 30, 64 | Scaly, AD through Riccati | 28.88 | 169.2 | | | | |
| 3 | 8, 4, 30, 64 | Scaly, Riccati hoisted | 0.16 | 63.2 | | | | |
| 4 | 8, 4, 30, 256 | mpc.pytorch | 1333.5 | 2893.5 | 11.3x | 6.0x | 1e-12 | 1e+00 |
| 4 | 8, 4, 30, 256 | DiffMPC | 1166.8 | 2426.2 | 9.9x | 5.0x | 5e+01 | 5e-05 |
| 4 | 8, 4, 30, 256 | trajax | 1332.9 | 2705.2 | 11.3x | 5.6x | 5e+01 | 2e-13 |
| 4 | 8, 4, 30, 256 | Scaly | 117.79 | 483.2 | | | | |
| 4 | 8, 4, 30, 256 | Scaly, AD through Riccati | 114.39 | 676.6 | | | | |
| 4 | 8, 4, 30, 256 | Scaly, Riccati hoisted | 0.53 | 251.7 | | | | |
| 5 | 16, 8, 30, 16 | mpc.pytorch | 448.0 | 1002.8 | 7.3x | 4.3x | 1e-12 | 9e-01 |
| 5 | 16, 8, 30, 16 | DiffMPC | 351.6 | 710.0 | 5.8x | 3.0x | 2e+02 | 3e-05 |
| 5 | 16, 8, 30, 16 | trajax | 246.2 | 505.0 | 4.0x | 2.1x | 2e+02 | 1e-12 |
| 5 | 16, 8, 30, 16 | Scaly | 60.98 | 234.9 | | | | |
| 5 | 16, 8, 30, 16 | Scaly, AD through Riccati | 61.17 | 313.1 | | | | |
| 5 | 16, 8, 30, 16 | Scaly, Riccati hoisted | 0.17 | 121.8 | | | | |
| 6 | 16, 8, 30, 64 | mpc.pytorch | 1209.6 | 2750.2 | 4.9x | 2.9x | 1e-12 | 9e-01 |
| 6 | 16, 8, 30, 64 | DiffMPC | 1382.3 | 2824.9 | 5.6x | 3.0x | 1e+02 | 6e-05 |
| 6 | 16, 8, 30, 64 | trajax | 1022.4 | 2053.3 | 4.2x | 2.2x | 1e+02 | 1e-12 |
| 6 | 16, 8, 30, 64 | Scaly | 245.30 | 936.5 | | | | |
| 6 | 16, 8, 30, 64 | Scaly, AD through Riccati | 245.77 | 1246.2 | | | | |
| 6 | 16, 8, 30, 64 | Scaly, Riccati hoisted | 0.47 | 528.3 | | | | |
